Microchip MPLAB XC8 Compiler V3.00

Linker command line:

-W-3 \
  --edf=C:\Program Files\Microchip\xc8\v3.00\pic\dat\20241204225717_en.msgs \
  -cn -h+dist/default/production\ADC_2_variable_resistor.X.production.sym \
  --cmf=dist/default/production\ADC_2_variable_resistor.X.production.cmf -z \
  -Q16F877A -oC:\Users\OVERCL~1\AppData\Local\Temp\xcAs1f10.\driver_tmp_3.o \
  --defsym=__MPLAB_BUILD=1 --fixupoverflow=error \
  -Mdist/default/production/ADC_2_variable_resistor.X.production.map \
  --md=C:\Users\OVERCL~1\AppData\Local\Temp\xcAs1f10.\driver_tmp_0.dat -E1 \
  -ver=XC8 Compiler -ACODE=00h-07FFhx4 -ASTRCODE=00h-01FFFh \
  -ASTRING=00h-0FFhx32 -ACONST=00h-0FFhx32 -AENTRY=00h-0FFhx32 \
  -ACOMMON=070h-07Fh -ABANK0=020h-06Fh -ABANK1=0A0h-0EFh \
  -ABANK2=0110h-016Fh -ABANK3=0190h-01EFh \
  -ARAM=020h-06Fh,0A0h-0EFh,0110h-016Fh,0190h-01EFh \
  -AABS1=020h-07Fh,0A0h-0EFh,0110h-016Fh,0190h-01EFh -ASFR0=00h-01Fh \
  -ASFR1=080h-09Fh -ASFR2=0100h-010Fh -ASFR3=0180h-018Fh \
  -ACONFIG=02007h-02007h -DCONFIG=2 -AIDLOC=02000h-02003h -DIDLOC=2 \
  -AEEDATA=00h-0FFh/02100h -peeprom_data=EEDATA -DEEDATA=2 -DCODE=2 \
  -DSTRCODE=2 -DSTRING=2 -DCONST=2 -DENTRY=2 \
  -preset_vec=00h,intentry,sivt,init,end_init -ppowerup=CODE -pcinit=CODE \
  -pfunctab=ENTRY -k \
  C:\Users\OVERCL~1\AppData\Local\Temp\xcAs1f10.\driver_tmp_17.o \
  dist/default/production\ADC_2_variable_resistor.X.production.o 

Object code version is 3.11

Machine type is 16F877A



                Name                               Link     Load   Length Selector   Space Scale
C:\Users\OVERCL~1\AppData\Local\Temp\xcAs1f10.\driver_tmp_17.o
                end_init                              0        0        3        0       0
                config                             2007     2007        1        0       4
dist/default/production\ADC_2_variable_resistor.X.production.o
                cinit                               7DE      7DE       22      FBC       0
                config                             2007     2007        1        0       4
                text17                              373      373        9      6E6       0
                text16                              4F9      4F9       3D      9F2       0
                text15                              497      497       31      92E       0
                text14                              3AD      3AD       13      75A       0
                text13                              58D      58D       63      B1A       0
                text12                              536      536       57      A6C       0
                text11                              39C      39C       11      738       0
                text10                              36A      36A        1      6D4       0
                text9                               65E      65E       9A      CBC       0
                text8                               6F8      6F8       E6      DF0       0
                text7                               3F6      3F6       25      7EC       0
                text6                               3D3      3D3       23      7A6       0
                text5                               37C      37C       10      6F8       0
                text4                               4C8      4C8       31      990       0
                text3                               442      442       29      884       0
                text2                               46B      46B       2C      8D6       0
                text1                               41B      41B       27      836       0
                maintext                            5F0      5F0       6E      BE0       0
                cstackBANK0                          20       20       3B       20       1
                cstackCOMMON                         70       70        E       70       1
                clrtext                             36B      36B        8      6D6       0
                inittext                            3C0      3C0       13      780       0
                dataBANK1                            CF       CF       10       A0       1
                bssBANK1                             A0       A0       2F       A0       1
                bssBANK0                             5B       5B       15       20       1
                strings                               3        3       1E        6       0
                idataBANK1                          38C      38C       10      718       0

TOTAL           Name                               Link     Load   Length     Space
        CLASS   CODE           
                end_init                              0        0        3         0
                cinit                               7DE      7DE       22         0
                text17                              373      373        9         0
                text16                              4F9      4F9       3D         0
                text15                              497      497       31         0
                text14                              3AD      3AD       13         0
                text13                              58D      58D       63         0
                text12                              536      536       57         0
                text11                              39C      39C       11         0
                text10                              36A      36A        1         0
                text9                               65E      65E       9A         0
                text8                               6F8      6F8       E6         0
                text7                               3F6      3F6       25         0
                text6                               3D3      3D3       23         0
                text5                               37C      37C       10         0
                text4                               4C8      4C8       31         0
                text3                               442      442       29         0
                text2                               46B      46B       2C         0
                text1                               41B      41B       27         0
                maintext                            5F0      5F0       6E         0
                clrtext                             36B      36B        8         0
                inittext                            3C0      3C0       13         0
                idataBANK1                          38C      38C       10         0

        CLASS   STRCODE        

        CLASS   STRING         
                strings                               3        3       1E         0

        CLASS   CONST          

        CLASS   ENTRY          

        CLASS   COMMON         
                cstackCOMMON                         70       70        E         1

        CLASS   BANK0          
                cstackBANK0                          20       20       3B         1
                bssBANK0                             5B       5B       15         1

        CLASS   BANK1          
                dataBANK1                            CF       CF       10         1
                bssBANK1                             A0       A0       2F         1

        CLASS   BANK2          

        CLASS   BANK3          

        CLASS   RAM            

        CLASS   ABS1           
                abs_s1                               7E       7E        2         1

        CLASS   SFR0           

        CLASS   SFR1           

        CLASS   SFR2           

        CLASS   SFR3           

        CLASS   CONFIG         
                config                             2007     2007        1         4

        CLASS   IDLOC          

        CLASS   EEDATA         

        CLASS   HEAP           

        CLASS   STACK          



SEGMENTS        Name                           Load    Length   Top    Selector   Space  Class     Delta

                reset_vec                      000000  000003  000003         0       0  CODE        2
                strings                        000003  00001E  000021         6       0  STRING      2
                cstackBANK0                    000020  000050  000070        20       1  BANK0       1
                cstackCOMMON                   000070  00000E  00007E        70       1  COMMON      1
                bssBANK1                       0000A0  00003F  0000DF        A0       1  BANK1       1
                text10                         00036A  000001  00036B       6D4       0  CODE        2
                clrtext                        00036B  000008  000373       6D6       0  CODE        2
                text17                         000373  000009  00037C       6E6       0  CODE        2
                text5                          00037C  000010  00038C       6F8       0  CODE        2
                idataBANK1                     00038C  000010  00039C       718       0  CODE        2
                text11                         00039C  000011  0003AD       738       0  CODE        2
                text14                         0003AD  000013  0003C0       75A       0  CODE        2
                inittext                       0003C0  000013  0003D3       780       0  CODE        2
                text6                          0003D3  000023  0003F6       7A6       0  CODE        2
                text7                          0003F6  000025  00041B       7EC       0  CODE        2
                text1                          00041B  000027  000442       836       0  CODE        2
                text3                          000442  000029  00046B       884       0  CODE        2
                text2                          00046B  00002C  000497       8D6       0  CODE        2
                text15                         000497  000031  0004C8       92E       0  CODE        2
                text4                          0004C8  000031  0004F9       990       0  CODE        2
                text16                         0004F9  00003D  000536       9F2       0  CODE        2
                text12                         000536  000057  00058D       A6C       0  CODE        2
                text13                         00058D  000063  0005F0       B1A       0  CODE        2
                maintext                       0005F0  00006E  00065E       BE0       0  CODE        2
                text9                          00065E  00009A  0006F8       CBC       0  CODE        2
                text8                          0006F8  0000E6  0007DE       DF0       0  CODE        2
                cinit                          0007DE  000022  000800       FBC       0  CODE        2


UNUSED ADDRESS RANGES

        Name                Unused          Largest block    Delta
        BANK1            00DF-00EF             11           1
        BANK2            0110-016F             60           1
        BANK3            0190-01EF             60           1
        CODE             0021-0369            349           2
                         0800-1FFF            800
        CONST            0021-0369            100           2
                         0800-1FFF            100
        EEDATA           2100-21FF            100           2
        ENTRY            0021-0369            100           2
                         0800-1FFF            100
        IDLOC            2000-2003              4           2
        RAM              00DF-00EF             11           1
                         0110-016F             60
                         0190-01EF             60
        SFR0             0000-001F             20           1
        SFR1             0080-009F             20           1
        SFR2             0100-010F             10           1
        SFR3             0180-018F             10           1
        STRCODE          0021-0369            349           2
                         0800-1FFF           1800
        STRING           0021-0369            100           2
                         0800-1FFF            100

                                  Symbol Table

?_ADC_read               cstackCOMMON 0070
?___awdiv                cstackCOMMON 0070
?___awmod                cstackCOMMON 0070
?_abs                    cstackCOMMON 0076
?_sprintf                cstackBANK0  0031
?_vfprintf               cstackBANK0  002D
ADC_read@a               cstackCOMMON 0070
_ADCON0                  (abs)        001F
_ADCON0bits              (abs)        001F
_ADCON1                  (abs)        009F
_ADC_data                bssBANK0     006D
_ADC_initialise          text17       0373
_ADC_read                text16       04F9
_ADC_value               bssBANK0     006B
_ADRESH                  (abs)        001E
_ADRESL                  (abs)        009E
_PIR1bits                (abs)        000C
_PORTB                   (abs)        0006
_PORTBbits               (abs)        0006
_TRISB                   (abs)        0086
__H__absolute__          __absolute__ 0000
__Habs1                  abs1         0000
__Hbank0                 bank0        0000
__Hbank1                 bank1        0000
__Hbank2                 bank2        0000
__Hbank3                 bank3        0000
__HbssBANK0              bssBANK0     0000
__HbssBANK1              bssBANK1     0000
__Hcinit                 cinit        0800
__Hclrtext               clrtext      0000
__Hcode                  code         0000
__Hcommon                common       0000
__Hconfig                config       2008
__HcstackBANK0           cstackBANK0  0000
__HcstackCOMMON          cstackCOMMON 0000
__HdataBANK1             dataBANK1    0000
__Heeprom_data           eeprom_data  0000
__Hend_init              end_init     0003
__Hfunctab               functab      0000
__Hheap                  heap         0000
__HidataBANK1            idataBANK1   0000
__Hinit                  init         0000
__Hinittext              inittext     0000
__Hintentry              intentry     0000
__Hmaintext              maintext     0000
__Hpowerup               powerup      0000
__Hram                   ram          0000
__Hreset_vec             reset_vec    0000
__Hsfr0                  sfr0         0000
__Hsfr1                  sfr1         0000
__Hsfr2                  sfr2         0000
__Hsfr3                  sfr3         0000
__Hsivt                  sivt         0000
__Hspace_0               (abs)        0800
__Hspace_1               (abs)        00DF
__Hspace_2               (abs)        0000
__Hspace_3               (abs)        0000
__Hspace_4               (abs)        400F
__Hstack                 stack        0000
__Hstrings               strings      0000
__Htext                  text         0000
__L__absolute__          __absolute__ 0000
__Labs1                  abs1         0000
__Lbank0                 bank0        0000
__Lbank1                 bank1        0000
__Lbank2                 bank2        0000
__Lbank3                 bank3        0000
__LbssBANK0              bssBANK0     0000
__LbssBANK1              bssBANK1     0000
__Lcinit                 cinit        07DE
__Lclrtext               clrtext      0000
__Lcode                  code         0000
__Lcommon                common       0000
__Lconfig                config       0000
__LcstackBANK0           cstackBANK0  0000
__LcstackCOMMON          cstackCOMMON 0000
__LdataBANK1             dataBANK1    0000
__Leeprom_data           eeprom_data  0000
__Lend_init              end_init     0000
__Lfunctab               functab      0000
__Lheap                  heap         0000
__LidataBANK1            idataBANK1   0000
__Linit                  init         0000
__Linittext              inittext     0000
__Lintentry              intentry     0000
__Lmaintext              maintext     0000
__Lpowerup               powerup      0000
__Lram                   ram          0000
__Lreset_vec             reset_vec    0000
__Lsfr0                  sfr0         0000
__Lsfr1                  sfr1         0000
__Lsfr2                  sfr2         0000
__Lsfr3                  sfr3         0000
__Lsivt                  sivt         0000
__Lspace_0               (abs)        0000
__Lspace_1               (abs)        0000
__Lspace_2               (abs)        0000
__Lspace_3               (abs)        0000
__Lspace_4               (abs)        0000
__Lstack                 stack        0000
__Lstrings               strings      0000
__Ltext                  text         0000
__S0                     (abs)        0800
__S1                     (abs)        00DF
__S3                     (abs)        0000
___awdiv                 text13       058D
___awdiv@counter         cstackCOMMON 0074
___awdiv@dividend        cstackCOMMON 0072
___awdiv@divisor         cstackCOMMON 0070
___awdiv@quotient        cstackCOMMON 0076
___awdiv@sign            cstackCOMMON 0075
___awmod                 text12       0536
___awmod@counter         cstackCOMMON 0074
___awmod@dividend        cstackCOMMON 0072
___awmod@divisor         cstackCOMMON 0070
___awmod@sign            cstackCOMMON 0075
___heap_hi               (abs)        0000
___heap_lo               (abs)        0000
___int_sp                stack        0000
___int_stack_hi          stack        0000
___int_stack_lo          stack        0000
___latbits               (abs)        0002
___sp                    stack        0000
___stack_hi              stack        0000
___stack_lo              stack        0000
___stackhi               (abs)        0000
___stacklo               (abs)        0000
__end_of_ADC_initialise  text17       037C
__end_of_ADC_read        text16       0536
__end_of___awdiv         text13       05F0
__end_of___awmod         text12       058D
__end_of__initialization cinit        07FC
__end_of__stringtab      strings      0013
__end_of_abs             text11       03AD
__end_of_fputc           text9        06F8
__end_of_integer_string  text5        038C
__end_of_lcd_command     text15       04C8
__end_of_lcd_data        text4        04F9
__end_of_lcd_initialise  text14       03C0
__end_of_lcd_int         text2        0497
__end_of_lcd_set_cursor  text1        0442
__end_of_lcd_string      text3        046B
__end_of_main            maintext     065E
__end_of_putch           text10       036B
__end_of_sprintf         text6        03F6
__end_of_vfpfcnvrt       text8        07DE
__end_of_vfprintf        text7        041B
__initialization         cinit        07DE
__pbssBANK0              bssBANK0     005B
__pbssBANK1              bssBANK1     00A0
__pcstackBANK0           cstackBANK0  0020
__pcstackCOMMON          cstackCOMMON 0070
__pdataBANK1             dataBANK1    00CF
__pidataBANK1            idataBANK1   038C
__pmaintext              maintext     05F0
__pstrings               strings      0003
__ptext1                 text1        041B
__ptext10                text10       036A
__ptext11                text11       039C
__ptext12                text12       0536
__ptext13                text13       058D
__ptext14                text14       03AD
__ptext15                text15       0497
__ptext16                text16       04F9
__ptext17                text17       0373
__ptext2                 text2        046B
__ptext3                 text3        0442
__ptext4                 text4        04C8
__ptext5                 text5        037C
__ptext6                 text6        03D3
__ptext7                 text7        03F6
__ptext8                 text8        06F8
__ptext9                 text9        065E
__stringbase             strings      0012
__stringtab              strings      0003
_abs                     text11       039C
_dbuf                    bssBANK1     00A0
_flags                   bssBANK0     006F
_fputc                   text9        065E
_integer_string          text5        037C
_lcd_command             text15       0497
_lcd_data                text4        04C8
_lcd_initialise          text14       03AD
_lcd_int                 text2        046B
_lcd_set_cursor          text1        041B
_lcd_string              text3        0442
_main                    maintext     05F0
_prec                    bssBANK0     005D
_putch                   text10       036A
_sprintf                 text6        03D3
_vfpfcnvrt               text8        06F8
_vfprintf                text7        03F6
_width                   bssBANK0     005B
abs@a                    cstackCOMMON 0076
btemp                    (abs)        007E
clear_ram0               clrtext      036B
end_of_initialization    cinit        07FC
fputc@c                  cstackCOMMON 0070
fputc@fp                 cstackCOMMON 0072
init_fetch0              inittext     03C0
init_ram0                inittext     03C4
integer_string@string    cstackBANK0  0044
integer_string@value     cstackBANK0  0042
intlevel0                functab      0000
intlevel1                functab      0000
intlevel2                functab      0000
intlevel3                functab      0000
intlevel4                functab      0000
intlevel5                functab      0000
lcd_command@cmnd         cstackCOMMON 0072
lcd_data@data            cstackCOMMON 0072
lcd_int@F1356            dataBANK1    00CF
lcd_int@string           cstackBANK0  004B
lcd_int@value            cstackBANK0  0045
lcd_set_cursor@a         cstackCOMMON 0073
lcd_set_cursor@b         cstackCOMMON 0075
lcd_set_cursor@cmnd      cstackCOMMON 0077
lcd_string@i             cstackCOMMON 0075
lcd_string@str           cstackCOMMON 0073
reset_vec                reset_vec    0000
sprintf@ap               cstackBANK0  0036
sprintf@f                cstackBANK0  0037
sprintf@fmt              cstackBANK0  0032
sprintf@s                cstackBANK0  0031
start                    init         0000
start_initialization     cinit        07DE
vfpfcnvrt@ap             cstackBANK0  0023
vfpfcnvrt@c              cstackBANK0  002C
vfpfcnvrt@convarg        cstackBANK0  0028
vfpfcnvrt@cp             cstackBANK0  0027
vfpfcnvrt@done           cstackBANK0  0026
vfpfcnvrt@fmt            cstackBANK0  0022
vfpfcnvrt@fp             cstackBANK0  0020
vfprintf@ap              cstackBANK0  0030
vfprintf@cfmt            cstackCOMMON 007D
vfprintf@fmt             cstackBANK0  002F
vfprintf@fp              cstackBANK0  002D
wtemp0                   (abs)        007E


MODULE INFORMATION

Module		Function		Class		Link	Load	Size
C:\Program Files\Microchip\xc8\v3.00\pic\sources\c99\common\abs.c
		_abs           		CODE           	039C	0000	17

C:\Program Files\Microchip\xc8\v3.00\pic\sources\c99\common\abs.c estimated size: 17

C:\Program Files\Microchip\xc8\v3.00\pic\sources\c99\common\nf_fputc.c
		_fputc         		CODE           	065E	0000	154

C:\Program Files\Microchip\xc8\v3.00\pic\sources\c99\common\nf_fputc.c estimated size: 154

C:\Program Files\Microchip\xc8\v3.00\pic\sources\c99\common\nf_sprintf.c
		_sprintf       		CODE           	03D3	0000	35

C:\Program Files\Microchip\xc8\v3.00\pic\sources\c99\common\nf_sprintf.c estimated size: 35

C:\Program Files\Microchip\xc8\v3.00\pic\sources\c99\common\awmod.c
		___awmod       		CODE           	0536	0000	87

C:\Program Files\Microchip\xc8\v3.00\pic\sources\c99\common\awmod.c estimated size: 87

C:\Program Files\Microchip\xc8\v3.00\pic\sources\c99\common\putch.c
		_putch         		CODE           	036A	0000	1

C:\Program Files\Microchip\xc8\v3.00\pic\sources\c99\common\putch.c estimated size: 1

shared
		__stringtab    		STRING         	0003	0000	16
		__initialization		CODE           	07DE	0000	30

shared estimated size: 46

ADC.c
		_ADC_read      		CODE           	04F9	0000	61
		_ADC_initialise		CODE           	0373	0000	9

ADC.c estimated size: 70

C:\Program Files\Microchip\xc8\v3.00\pic\sources\c99\common\awdiv.c
		___awdiv       		CODE           	058D	0000	99

C:\Program Files\Microchip\xc8\v3.00\pic\sources\c99\common\awdiv.c estimated size: 99

main.c
		_main          		CODE           	05F0	0000	110

main.c estimated size: 110

C:\Program Files\Microchip\xc8\v3.00\pic\sources\c99\common\doprnt.c
		_vfpfcnvrt     		CODE           	06F8	0000	230
		_vfprintf      		CODE           	03F6	0000	37

C:\Program Files\Microchip\xc8\v3.00\pic\sources\c99\common\doprnt.c estimated size: 267

LCD.c
		_lcd_command   		CODE           	0497	0000	49
		_lcd_data      		CODE           	04C8	0000	49
		_lcd_initialise		CODE           	03AD	0000	19
		_integer_string		CODE           	037C	0000	16
		_lcd_set_cursor		CODE           	041B	0000	39
		_lcd_int       		CODE           	046B	0000	44
		_lcd_string    		CODE           	0442	0000	41

LCD.c estimated size: 257

